Renesas Optimizing Linker (W2.06.00 )             06-Apr-2018 17:19:51

*** Options ***

-subcommand=LinkerSubCommand.tmp
-input="./src/HeartMaroon.obj"
-input="./src/dbsct.obj"
-input="./src/interrupt_handlers.obj"
-input="./src/reset_program.obj"
-input="./src/sbrk.obj"
-input="./src/vector_table.obj"
-input="./src/main/module/debug.obj"
-start=SU,SI,B_1,R_1,B_2,R_2,B,R/04,PResetPRG,C_1,C_2,C,C$*,D*,W*,L,PIntPRG,P/0FFF80000,FIXEDVECT/0FFFFFF80
-library=C:\Users\hayat\E2_STU~1\WORKSP~1\HEARTM~1\Debug\HeartMaroon.lib
-noprelink
-list=HeartMaroon.map
-show
-nooptimize
-debug
-output=C:\Users\hayat\e2_studio\workspace\HeartMaroon\Debug\HeartMaroon.abs
-rom=D=R,D_1=R_1,D_2=R_2
-nocompress
-nomessage
-nologo

*** Error information ***

*** Mapping List ***

SECTION                            START      END         SIZE   ALIGN

SU
                                  00000004  00000103       100   4
SI
                                  00000104  00000403       300   4
B_1
                                  00000404  00000404         0   1
R_1
                                  00000404  00000404         0   1
B_2
                                  00000404  00000404         0   1
R_2
                                  00000404  00000404         0   1
B
                                  00000404  0000080f       40c   4
R
                                  00000810  00000813         4   4
PResetPRG
                                  fff80000  fff80030        31   1
C_1
                                  fff80031  fff80031         0   1
C_2
                                  fff80031  fff80031         0   1
C
                                  fff80034  fff80067        34   4
C$DSEC
                                  fff80068  fff8008b        24   4
C$BSEC
                                  fff8008c  fff800a3        18   4
C$INIT
                                  fff800a4  fff800a4         0   1
C$VECT
                                  fff800a4  fff804a3       400   4
C$VTBL
                                  fff804a4  fff804a4         0   1
D
                                  fff804a4  fff804a7         4   4
D_1
                                  fff804a8  fff804a8         0   1
D_2
                                  fff804a8  fff804a8         0   1
W
                                  fff804a8  fff804a8         0   1
W_1
                                  fff804a8  fff804a8         0   1
W_2
                                  fff804a8  fff804a8         0   1
L
                                  fff804a8  fff804a8         0   1
PIntPRG
                                  fff804a8  fff805fb       154   1
P
                                  fff805fc  fff807b4       1b9   1
FIXEDVECT
                                  ffffff80  ffffffff        80   4

*** Symbol List ***

SECTION=
FILE=                               START        END    SIZE
  SYMBOL                            ADDR        SIZE    INFO      COUNTS  OPT

SECTION=SU
FILE=.\src\reset_program.obj
                                  00000004  00000103       100

SECTION=SI
FILE=.\src\reset_program.obj
                                  00000104  00000403       300

SECTION=B
FILE=.\src\sbrk.obj
                                  00000404  00000803       400
  _heap_area
                                  00000404       400   data ,l         2
FILE=.\src\main\module\debug.obj
                                  00000804  0000080f         c
  _inDebugLedState
                                  00000804         4   data ,l         3
  _outDebugLedState
                                  00000808         4   data ,l         3
  _count
                                  0000080c         4   data ,l         1

SECTION=R
FILE=.\src\sbrk.obj
                                  00000810  00000813         4
  _brk
                                  00000810         4   data ,l         1

SECTION=PResetPRG
FILE=.\src\reset_program.obj
                                  fff80000  fff80030        31
  _PowerON_Reset_PC
                                  fff80000        31   entry,g         1

SECTION=C
FILE=.\src\dbsct.obj
                                  fff80034  fff80067        34
  __CTBL
                                  fff80034        34   data ,g         0

SECTION=C$DSEC
FILE=.\src\dbsct.obj
                                  fff80068  fff8008b        24
  __DTBL
                                  fff80068        24   data ,g         0

SECTION=C$BSEC
FILE=.\src\dbsct.obj
                                  fff8008c  fff800a3        18
  __BTBL
                                  fff8008c        18   data ,g         0

SECTION=C$VECT
FILE=.\src\dbsct.obj
                                  fff800a4  fff804a3       400

SECTION=D
FILE=.\src\sbrk.obj
                                  fff804a4  fff804a7         4

SECTION=PIntPRG
FILE=.\src\interrupt_handlers.obj
                                  fff804a8  fff805fb       154
  _Excep_SuperVisorInst
                                  fff804a8         2   func ,g         1
  _Excep_AccessInst
                                  fff804aa         2   func ,g         1
  _Excep_UndefinedInst
                                  fff804ac         2   func ,g         1
  _Excep_FloatingPoint
                                  fff804ae         2   func ,g         1
  _NonMaskableInterrupt
                                  fff804b0         2   func ,g         1
  _Dummy
                                  fff804b2         2   func ,g        16
  _Excep_BRK
                                  fff804b4         4   func ,g         0
  _Excep_BSC_BUSERR
                                  fff804b8         2   func ,g         0
  _Excep_FCU_FIFERR
                                  fff804ba         2   func ,g         0
  _Excep_FCU_FRDYI
                                  fff804bc         2   func ,g         0
  _Excep_ICU_SWINT
                                  fff804be         2   func ,g         0
  _Excep_CMT0_CMI0
                                  fff804c0         2   func ,g         0
  _Excep_CMT1_CMI1
                                  fff804c2         2   func ,g         0
  _Excep_CMT2_CMI2
                                  fff804c4         2   func ,g         0
  _Excep_CMT3_CMI3
                                  fff804c6         2   func ,g         0
  _Excep_ETHER_EINT
                                  fff804c8         2   func ,g         0
  _Excep_USB0_D0FIFO0
                                  fff804ca         2   func ,g         0
  _Excep_USB0_D1FIFO0
                                  fff804cc         2   func ,g         0
  _Excep_USB0_USBI0
                                  fff804ce         2   func ,g         0
  _Excep_USB1_D0FIFO1
                                  fff804d0         2   func ,g         0
  _Excep_USB1_D1FIFO1
                                  fff804d2         2   func ,g         0
  _Excep_USB1_USBI1
                                  fff804d4         2   func ,g         0
  _Excep_RSPI0_SPEI0
                                  fff804d6         2   func ,g         0
  _Excep_RSPI0_SPRI0
                                  fff804d8         2   func ,g         0
  _Excep_RSPI0_SPTI0
                                  fff804da         2   func ,g         0
  _Excep_RSPI0_SPII0
                                  fff804dc         2   func ,g         0
  _Excep_RSPI1_SPEI1
                                  fff804de         2   func ,g         0
  _Excep_RSPI1_SPRI1
                                  fff804e0         2   func ,g         0
  _Excep_RSPI1_SPTI1
                                  fff804e2         2   func ,g         0
  _Excep_RSPI1_SPII1
                                  fff804e4         2   func ,g         0
  _Excep_CAN0_ERS0
                                  fff804e6         2   func ,g         0
  _Excep_CAN0_RXF0
                                  fff804e8         2   func ,g         0
  _Excep_CAN0_TXF0
                                  fff804ea         2   func ,g         0
  _Excep_CAN0_RXM0
                                  fff804ec         2   func ,g         0
  _Excep_CAN0_TXM0
                                  fff804ee         2   func ,g         0
  _Excep_RTC_PRD
                                  fff804f0         2   func ,g         0
  _Excep_RTC_CUP
                                  fff804f2         2   func ,g         0
  _Excep_ICU_IRQ0
                                  fff804f4         2   func ,g         0
  _Excep_ICU_IRQ1
                                  fff804f6         2   func ,g         0
  _Excep_ICU_IRQ2
                                  fff804f8         2   func ,g         0
  _Excep_ICU_IRQ3
                                  fff804fa         2   func ,g         0
  _Excep_ICU_IRQ4
                                  fff804fc         2   func ,g         0
  _Excep_ICU_IRQ5
                                  fff804fe         2   func ,g         0
  _Excep_ICU_IRQ6
                                  fff80500         2   func ,g         0
  _Excep_ICU_IRQ7
                                  fff80502         2   func ,g         0
  _Excep_ICU_IRQ8
                                  fff80504         2   func ,g         0
  _Excep_ICU_IRQ9
                                  fff80506         2   func ,g         0
  _Excep_ICU_IRQ10
                                  fff80508         2   func ,g         0
  _Excep_ICU_IRQ11
                                  fff8050a         2   func ,g         0
  _Excep_ICU_IRQ12
                                  fff8050c         2   func ,g         0
  _Excep_ICU_IRQ13
                                  fff8050e         2   func ,g         0
  _Excep_ICU_IRQ14
                                  fff80510         2   func ,g         0
  _Excep_ICU_IRQ15
                                  fff80512         2   func ,g         0
  _Excep_USB_USBR0
                                  fff80514         2   func ,g         0
  _Excep_USB_USBR1
                                  fff80516         2   func ,g         0
  _Excep_RTC_ALM
                                  fff80518         2   func ,g         0
  _Excep_WDT_WOVI
                                  fff8051a         2   func ,g         0
  _Excep_AD0_ADI0
                                  fff8051c         2   func ,g         0
  _Excep_AD1_ADI1
                                  fff8051e         2   func ,g         0
  _Excep_S12AD_ADI
                                  fff80520         2   func ,g         0
  _Excep_MTU0_TGIA0
                                  fff80522         2   func ,g         0
  _Excep_MTU0_TGIB0
                                  fff80524         2   func ,g         0
  _Excep_MTU0_TGIC0
                                  fff80526         2   func ,g         0
  _Excep_MTU0_TGID0
                                  fff80528         2   func ,g         0
  _Excep_MTU0_TCIV0
                                  fff8052a         2   func ,g         0
  _Excep_MTU0_TGIE0
                                  fff8052c         2   func ,g         0
  _Excep_MTU0_TGIF0
                                  fff8052e         2   func ,g         0
  _Excep_MTU1_TGIA1
                                  fff80530         2   func ,g         0
  _Excep_MTU1_TGIB1
                                  fff80532         2   func ,g         0
  _Excep_MTU1_TCIV1
                                  fff80534         2   func ,g         0
  _Excep_MTU1_TCIU1
                                  fff80536         2   func ,g         0
  _Excep_MTU2_TGIA2
                                  fff80538         2   func ,g         0
  _Excep_MTU2_TGIB2
                                  fff8053a         2   func ,g         0
  _Excep_MTU2_TCIV2
                                  fff8053c         2   func ,g         0
  _Excep_MTU2_TCIU2
                                  fff8053e         2   func ,g         0
  _Excep_MTU3_TGIA3
                                  fff80540         2   func ,g         0
  _Excep_MTU3_TGIB3
                                  fff80542         2   func ,g         0
  _Excep_MTU3_TGIC3
                                  fff80544         2   func ,g         0
  _Excep_MTU3_TGID3
                                  fff80546         2   func ,g         0
  _Excep_MTU3_TCIV3
                                  fff80548         2   func ,g         0
  _Excep_MTU4_TGIA4
                                  fff8054a         2   func ,g         0
  _Excep_MTU4_TGIB4
                                  fff8054c         2   func ,g         0
  _Excep_MTU4_TGIC4
                                  fff8054e         2   func ,g         0
  _Excep_MTU4_TGID4
                                  fff80550         2   func ,g         0
  _Excep_MTU4_TCIV4
                                  fff80552         2   func ,g         0
  _Excep_MTU5_TGIU5
                                  fff80554         2   func ,g         0
  _Excep_MTU5_TGIV5
                                  fff80556         2   func ,g         0
  _Excep_MTU5_TGIW5
                                  fff80558         2   func ,g         0
  _Excep_MTU6_TGIA6
                                  fff8055a         2   func ,g         0
  _Excep_MTU6_TGIB6
                                  fff8055c         2   func ,g         0
  _Excep_MTU6_TGIC6
                                  fff8055e         2   func ,g         0
  _Excep_MTU6_TGID6
                                  fff80560         2   func ,g         0
  _Excep_MTU6_TCIV6
                                  fff80562         2   func ,g         0
  _Excep_MTU6_TGIE6
                                  fff80564         2   func ,g         0
  _Excep_MTU6_TGIF6
                                  fff80566         2   func ,g         0
  _Excep_MTU7_TGIA7
                                  fff80568         2   func ,g         0
  _Excep_MTU7_TGIB7
                                  fff8056a         2   func ,g         0
  _Excep_MTU7_TCIV7
                                  fff8056c         2   func ,g         0
  _Excep_MTU7_TCIU7
                                  fff8056e         2   func ,g         0
  _Excep_MTU8_TGIA8
                                  fff80570         2   func ,g         0
  _Excep_MTU8_TGIB8
                                  fff80572         2   func ,g         0
  _Excep_MTU8_TCIV8
                                  fff80574         2   func ,g         0
  _Excep_MTU8_TCIU8
                                  fff80576         2   func ,g         0
  _Excep_MTU9_TGIA9
                                  fff80578         2   func ,g         0
  _Excep_MTU9_TGIB9
                                  fff8057a         2   func ,g         0
  _Excep_MTU9_TGIC9
                                  fff8057c         2   func ,g         0
  _Excep_MTU9_TGID9
                                  fff8057e         2   func ,g         0
  _Excep_MTU9_TCIV9
                                  fff80580         2   func ,g         0
  _Excep_MTU10_TGIA10
                                  fff80582         2   func ,g         0
  _Excep_MTU10_TGIB10
                                  fff80584         2   func ,g         0
  _Excep_MTU10_TGIC10
                                  fff80586         2   func ,g         0
  _Excep_MTU10_TGID10
                                  fff80588         2   func ,g         0
  _Excep_MTU10_TCIV10
                                  fff8058a         2   func ,g         0
  _Excep_MTU11_TGIU11
                                  fff8058c         2   func ,g         0
  _Excep_MTU11_TGIV11
                                  fff8058e         2   func ,g         0
  _Excep_MTU11_TGIW11
                                  fff80590         2   func ,g         0
  _Excep_POE_OEI1
                                  fff80592         2   func ,g         0
  _Excep_POE_OEI2
                                  fff80594         2   func ,g         0
  _Excep_POE_OEI3
                                  fff80596         2   func ,g         0
  _Excep_POE_OEI4
                                  fff80598         2   func ,g         0
  _Excep_TMR0_CMIB0
                                  fff8059a         2   func ,g         0
  _Excep_TMR0_OVI0
                                  fff8059c         2   func ,g         0
  _Excep_TMR1_CMIA1
                                  fff8059e         2   func ,g         0
  _Excep_TMR1_CMIB1
                                  fff805a0         2   func ,g         0
  _Excep_TMR1_OVI1
                                  fff805a2         2   func ,g         0
  _Excep_TMR2_CMIA2
                                  fff805a4         2   func ,g         0
  _Excep_TMR2_CMIB2
                                  fff805a6         2   func ,g         0
  _Excep_TMR2_OVI2
                                  fff805a8         2   func ,g         0
  _Excep_TMR3_CMIA3
                                  fff805aa         2   func ,g         0
  _Excep_TMR3_CMIB3
                                  fff805ac         2   func ,g         0
  _Excep_TMR3_OVI3
                                  fff805ae         2   func ,g         0
  _Excep_DMAC_DMAC0I
                                  fff805b0         2   func ,g         0
  _Excep_DMAC_DMAC1I
                                  fff805b2         2   func ,g         0
  _Excep_DMAC_DMAC2I
                                  fff805b4         2   func ,g         0
  _Excep_DMAC_DMAC3I
                                  fff805b6         2   func ,g         0
  _Excep_EXDMAC_EXDMAC0I
                                  fff805b8         2   func ,g         0
  _Excep_EXDMAC_EXDMAC1I
                                  fff805ba         2   func ,g         0
  _Excep_SCI0_ERI0
                                  fff805bc         2   func ,g         0
  _Excep_SCI0_RXI0
                                  fff805be         2   func ,g         0
  _Excep_SCI0_TXI0
                                  fff805c0         2   func ,g         0
  _Excep_SCI0_TEI0
                                  fff805c2         2   func ,g         0
  _Excep_SCI1_ERI1
                                  fff805c4         2   func ,g         0
  _Excep_SCI1_RXI1
                                  fff805c6         2   func ,g         0
  _Excep_SCI1_TXI1
                                  fff805c8         2   func ,g         0
  _Excep_SCI1_TEI1
                                  fff805ca         2   func ,g         0
  _Excep_SCI2_ERI2
                                  fff805cc         2   func ,g         0
  _Excep_SCI2_RXI2
                                  fff805ce         2   func ,g         0
  _Excep_SCI2_TXI2
                                  fff805d0         2   func ,g         0
  _Excep_SCI2_TEI2
                                  fff805d2         2   func ,g         0
  _Excep_SCI3_ERI3
                                  fff805d4         2   func ,g         0
  _Excep_SCI3_RXI3
                                  fff805d6         2   func ,g         0
  _Excep_SCI3_TXI3
                                  fff805d8         2   func ,g         0
  _Excep_SCI3_TEI3
                                  fff805da         2   func ,g         0
  _Excep_SCI5_ERI5
                                  fff805dc         2   func ,g         0
  _Excep_SCI5_RXI5
                                  fff805de         2   func ,g         0
  _Excep_SCI5_TXI5
                                  fff805e0         2   func ,g         0
  _Excep_SCI5_TEI5
                                  fff805e2         2   func ,g         0
  _Excep_SCI6_ERI6
                                  fff805e4         2   func ,g         0
  _Excep_SCI6_RXI6
                                  fff805e6         2   func ,g         0
  _Excep_SCI6_TXI6
                                  fff805e8         2   func ,g         0
  _Excep_SCI6_TEI6
                                  fff805ea         2   func ,g         0
  _Excep_RIIC0_ICEEI0
                                  fff805ec         2   func ,g         0
  _Excep_RIIC0_ICRXI0
                                  fff805ee         2   func ,g         0
  _Excep_RIIC0_ICTXI0
                                  fff805f0         2   func ,g         0
  _Excep_RIIC0_ICTEI0
                                  fff805f2         2   func ,g         0
  _Excep_RIIC1_ICEEI1
                                  fff805f4         2   func ,g         0
  _Excep_RIIC1_ICRXI1
                                  fff805f6         2   func ,g         0
  _Excep_RIIC1_ICTXI1
                                  fff805f8         2   func ,g         0
  _Excep_RIIC1_ICTEI1
                                  fff805fa         2   func ,g         0

SECTION=P
FILE=.\src\HeartMaroon.obj
                                  fff805fc  fff80679        7e
  _settingClock
                                  fff805fc         b   func ,g         1
  _settingTimer
                                  fff80607        51   func ,g         1
  _main
                                  fff80658        14   func ,g         1
  _Excep_TMR0_CMIA0
                                  fff8066c         e   func ,g         0
FILE=.\src\sbrk.obj
                                  fff8067a  fff8069a        21
  _sbrk
                                  fff8067a        21   func ,g         0
FILE=.\src\main\module\debug.obj
                                  fff8069b  fff8076a        d0
  _initializeDebug
                                  fff8069b        1c   func ,g         1
  _setLedState
                                  fff806b7        11   func ,g         1
  _debugFeed
                                  fff806c8        a3   func ,g         1
FILE=__initsct
                                  fff8076b  fff807b4        4a
  __INITSCT
                                  fff8076b         0   none ,g         1
  loop1
                                  fff8077d         0   none ,l         1
  next_loop1
                                  fff8078b         0   none ,l         2
  loop3
                                  fff8079d         0   none ,l         1
  next_loop3
                                  fff807ae         0   none ,l         2

SECTION=FIXEDVECT
FILE=.\src\vector_table.obj
                                  ffffff80  ffffffff        80
  _Fixed_Vectors
                                  ffffff80        80   data ,g         0

*** Unfilled Areas ***

AREA                                START    END

*** Delete Symbols ***

SYMBOL                                SIZE    INFO
