Renesas Optimizing Linker (W2.06.00 )             06-Jun-2018 12:58:39

*** Options ***

-subcommand=LinkerSubCommand.tmp
-input="./src/HeartMaroon.obj"
-input="./src/dbsct.obj"
-input="./src/interrupt_handlers.obj"
-input="./src/reset_program.obj"
-input="./src/sbrk.obj"
-input="./src/vector_table.obj"
-input="./src/main/module/ad_converter.obj"
-input="./src/main/module/dead_reckoning.obj"
-input="./src/main/module/debug.obj"
-input="./src/main/module/encorder.obj"
-input="./src/main/module/motor.obj"
-input="./src/main/module/photoreflector.obj"
-input="./src/main/module/psd_sensor.obj"
-input="./src/main/module/timer.obj"
-input="./src/main/module/trajectory_tracking_control.obj"
-input="./src/main/module/utils.obj"
-input="./src/main/service/line_trace.obj"
-input="./src/main/service/search_line.obj"
-start=SU,SI,B_1,R_1,B_2,R_2,B,R/04,PResetPRG,C_1,C_2,C,C$*,D*,W*,L,PIntPRG,P/0FFF80000,FIXEDVECT/0FFFFFF80
-library=C:\Users\hayat\E2_STU~1\WORKSP~1\HEARTM~1\Debug\HeartMaroon.lib
-noprelink
-list=HeartMaroon.map
-show
-nooptimize
-debug
-output=C:\Users\hayat\e2_studio\workspace\HeartMaroon\Debug\HeartMaroon.abs
-rom=D=R,D_1=R_1,D_2=R_2
-nocompress
-nomessage
-nologo

*** Error information ***

E0562310:Undefined external symbol "_cosf" referenced in ".\src\main\module\dead_reckoning.obj"
E0562310:Undefined external symbol "_sinf" referenced in ".\src\main\module\dead_reckoning.obj"
