Renesas Optimizing Linker (W2.06.00 )             06-Jun-2018 13:20:56

*** Options ***

-subcommand=LinkerSubCommand.tmp
-input="./src/HeartMaroon.obj"
-input="./src/dbsct.obj"
-input="./src/interrupt_handlers.obj"
-input="./src/reset_program.obj"
-input="./src/sbrk.obj"
-input="./src/vector_table.obj"
-input="./src/main/module/ad_converter.obj"
-input="./src/main/module/dead_reckoning.obj"
-input="./src/main/module/debug.obj"
-input="./src/main/module/encorder.obj"
-input="./src/main/module/motor.obj"
-input="./src/main/module/photoreflector.obj"
-input="./src/main/module/psd_sensor.obj"
-input="./src/main/module/timer.obj"
-input="./src/main/module/trajectory_tracking_control.obj"
-input="./src/main/module/utils.obj"
-input="./src/main/service/line_trace.obj"
-input="./src/main/service/search_line.obj"
-start=SU,SI,B_1,R_1,B_2,R_2,B,R/04,PResetPRG,C_1,C_2,C,C$*,D*,W*,L,PIntPRG,P/0FFF80000,FIXEDVECT/0FFFFFF80
-library=C:\Users\hayat\E2_STU~1\WORKSP~1\HEARTM~1\Release\HeartMaroon.lib
-noprelink
-list=HeartMaroon.map
-show
-nooptimize
-output=C:\Users\hayat\e2_studio\workspace\HeartMaroon\Release\HeartMaroon.abs
-rom=D=R,D_1=R_1,D_2=R_2
-nomessage
-nologo

*** Error information ***

*** Mapping List ***

SECTION                            START      END         SIZE   ALIGN

SU
                                  00000004  00000103       100   4
SI
                                  00000104  00000403       300   4
B_1
                                  00000404  00000404         0   1
R_1
                                  00000404  00000404         0   1
B_2
                                  00000404  00000404         0   1
R_2
                                  00000404  00000404         0   1
B
                                  00000404  00004853      4450   4
R
                                  00004854  0000489b        48   4
PResetPRG
                                  fff80000  fff80030        31   1
C_1
                                  fff80031  fff80031         0   1
C_2
                                  fff80031  fff80031         0   1
C
                                  fff80034  fff800b3        80   4
C$DSEC
                                  fff800b4  fff800d7        24   4
C$BSEC
                                  fff800d8  fff800ef        18   4
C$INIT
                                  fff800f0  fff800f0         0   1
C$VECT
                                  fff800f0  fff804ef       400   4
C$VTBL
                                  fff804f0  fff804f0         0   1
D
                                  fff804f0  fff80537        48   4
D_1
                                  fff80538  fff80538         0   1
D_2
                                  fff80538  fff80538         0   1
W
                                  fff80538  fff80538         0   1
W_1
                                  fff80538  fff80538         0   1
W_2
                                  fff80538  fff80538         0   1
L
                                  fff80538  fff80538         0   1
PIntPRG
                                  fff80538  fff8068b       154   1
P
                                  fff8068c  fff8125f       bd4   1
FIXEDVECT
                                  ffffff80  ffffffff        80   4

*** Symbol List ***

SECTION=
FILE=                               START        END    SIZE
  SYMBOL                            ADDR        SIZE    INFO      COUNTS  OPT

SECTION=SU
FILE=.\src\reset_program.obj
                                  00000004  00000103       100

SECTION=SI
FILE=.\src\reset_program.obj
                                  00000104  00000403       300

SECTION=B
FILE=.\src\sbrk.obj
                                  00000404  00000803       400
  _heap_area
                                  00000404       400   data ,l         2
FILE=.\src\main\module\dead_reckoning.obj
                                  00000804  0000081b        18
  _width
                                  00000804         4   data ,l         2
  _positionX
                                  00000808         4   data ,l         2
  _positionY
                                  0000080c         4   data ,l         2
  _direction
                                  00000810         4   data ,l         2
  _previouslyLeftPosition
                                  00000814         4   data ,l         2
  _previouslyRightPosition
                                  00000818         4   data ,l         2
FILE=.\src\main\module\debug.obj
                                  0000081c  0000082b        10
  _inDebugLedState
                                  0000081c         4   data ,l         3
  _outDebugLedState
                                  00000820         4   data ,l         3
  _count
                                  00000824         4   data ,l         1
  _sleepCount
                                  00000828         4   data ,l         2
FILE=.\src\main\module\encorder.obj
                                  0000082c  00000837         c
  _diameter
                                  0000082c         4   data ,l         2
  _leftCount
                                  00000830         4   data ,l         3
  _rightCount
                                  00000834         4   data ,l         3
FILE=.\src\main\module\trajectory_tracking_control.obj
                                  00000838  0000484f      4018
  _samplingTime
                                  00000838         4   data ,l         3
  _width
                                  0000083c         4   data ,l         2
  _maxTime
                                  00000840         4   data ,l         4
  _nowTime
                                  00000844         4   data ,l         2
  _linearTrajectory
                                  00000848      1000   data ,l         2
  _curveTrajectory
                                  00001848      1000   data ,l         2
  _leftTrajectory
                                  00002848      1000   data ,l         2
  _rightTrajectory
                                  00003848      1000   data ,l         2
  _leftInitialPosition
                                  00004848         4   data ,l         2
  _rightInitialPosition
                                  0000484c         4   data ,l         2
FILE=_errno
                                  00004850  00004853         4
  __errno
                                  00004850         4   data ,g         2

SECTION=R
FILE=.\src\sbrk.obj
                                  00004854  00004857         4
  _brk
                                  00004854         4   data ,l         1
FILE=.\src\main\service\line_trace.obj
                                  00004858  0000485f         8
  _numOfMove
                                  00004858         4   data ,l         4
  _cooldown
                                  0000485c         4   data ,l         3
FILE=sincosfsub
                                  00004860  0000489b        3c
  _sinf_coeff
                                  00004860        10   data ,l         1
  _cosf_coeff
                                  00004870        10   data ,l         1
  _pi4ptr_table
                                  00004880         c   data ,l         1
  _sub_table
                                  0000488c        10   data ,l         1

SECTION=PResetPRG
FILE=.\src\reset_program.obj
                                  fff80000  fff80030        31
  _PowerON_Reset_PC
                                  fff80000        31   entry,g         1

SECTION=C
FILE=.\src\dbsct.obj
                                  fff80034  fff80067        34
  __CTBL
                                  fff80034        34   data ,g         0
FILE=floatval
                                  fff80068  fff8008f        28
  __FLT_MAX_VAL
                                  fff80068         0   none ,g         1
  __FLT_MIN_VAL
                                  fff8006c         0   none ,g         0
  __DBL_MAX_VAL
                                  fff80070         0   none ,g         0
  __DBL_MIN_VAL
                                  fff80078         0   none ,g         0
  __LDBL_MAX_VAL
                                  fff80080         0   none ,g         0
  __LDBL_MIN_VAL
                                  fff80088         0   none ,g         0
FILE=_const
                                  fff80090  fff800b3        24
  __IFNAND
                                  fff80090         0   none ,g         0
  __IFINFD
                                  fff80098         0   none ,g         0
  __NIFINFD
                                  fff800a0         0   none ,g         0
  __IFNANS
                                  fff800a8         0   none ,g         1
  __IFINFS
                                  fff800ac         0   none ,g         0
  __NIFINFS
                                  fff800b0         0   none ,g         0

SECTION=C$DSEC
FILE=.\src\dbsct.obj
                                  fff800b4  fff800d7        24
  __DTBL
                                  fff800b4        24   data ,g         0

SECTION=C$BSEC
FILE=.\src\dbsct.obj
                                  fff800d8  fff800ef        18
  __BTBL
                                  fff800d8        18   data ,g         0

SECTION=C$VECT
FILE=.\src\dbsct.obj
                                  fff800f0  fff804ef       400

SECTION=D
FILE=.\src\sbrk.obj
                                  fff804f0  fff804f3         4
FILE=.\src\main\service\line_trace.obj
                                  fff804f4  fff804fb         8
FILE=sincosfsub
                                  fff804fc  fff80537        3c

SECTION=PIntPRG
FILE=.\src\interrupt_handlers.obj
                                  fff80538  fff8068b       154
  _Excep_SuperVisorInst
                                  fff80538         2   func ,g         1
  _Excep_AccessInst
                                  fff8053a         2   func ,g         1
  _Excep_UndefinedInst
                                  fff8053c         2   func ,g         1
  _Excep_FloatingPoint
                                  fff8053e         2   func ,g         1
  _NonMaskableInterrupt
                                  fff80540         2   func ,g         1
  _Dummy
                                  fff80542         2   func ,g        16
  _Excep_BRK
                                  fff80544         4   func ,g         0
  _Excep_BSC_BUSERR
                                  fff80548         2   func ,g         0
  _Excep_FCU_FIFERR
                                  fff8054a         2   func ,g         0
  _Excep_FCU_FRDYI
                                  fff8054c         2   func ,g         0
  _Excep_ICU_SWINT
                                  fff8054e         2   func ,g         0
  _Excep_CMT0_CMI0
                                  fff80550         2   func ,g         0
  _Excep_CMT1_CMI1
                                  fff80552         2   func ,g         0
  _Excep_CMT2_CMI2
                                  fff80554         2   func ,g         0
  _Excep_CMT3_CMI3
                                  fff80556         2   func ,g         0
  _Excep_ETHER_EINT
                                  fff80558         2   func ,g         0
  _Excep_USB0_D0FIFO0
                                  fff8055a         2   func ,g         0
  _Excep_USB0_D1FIFO0
                                  fff8055c         2   func ,g         0
  _Excep_USB0_USBI0
                                  fff8055e         2   func ,g         0
  _Excep_USB1_D0FIFO1
                                  fff80560         2   func ,g         0
  _Excep_USB1_D1FIFO1
                                  fff80562         2   func ,g         0
  _Excep_USB1_USBI1
                                  fff80564         2   func ,g         0
  _Excep_RSPI0_SPEI0
                                  fff80566         2   func ,g         0
  _Excep_RSPI0_SPRI0
                                  fff80568         2   func ,g         0
  _Excep_RSPI0_SPTI0
                                  fff8056a         2   func ,g         0
  _Excep_RSPI0_SPII0
                                  fff8056c         2   func ,g         0
  _Excep_RSPI1_SPEI1
                                  fff8056e         2   func ,g         0
  _Excep_RSPI1_SPRI1
                                  fff80570         2   func ,g         0
  _Excep_RSPI1_SPTI1
                                  fff80572         2   func ,g         0
  _Excep_RSPI1_SPII1
                                  fff80574         2   func ,g         0
  _Excep_CAN0_ERS0
                                  fff80576         2   func ,g         0
  _Excep_CAN0_RXF0
                                  fff80578         2   func ,g         0
  _Excep_CAN0_TXF0
                                  fff8057a         2   func ,g         0
  _Excep_CAN0_RXM0
                                  fff8057c         2   func ,g         0
  _Excep_CAN0_TXM0
                                  fff8057e         2   func ,g         0
  _Excep_RTC_PRD
                                  fff80580         2   func ,g         0
  _Excep_RTC_CUP
                                  fff80582         2   func ,g         0
  _Excep_ICU_IRQ0
                                  fff80584         2   func ,g         0
  _Excep_ICU_IRQ1
                                  fff80586         2   func ,g         0
  _Excep_ICU_IRQ2
                                  fff80588         2   func ,g         0
  _Excep_ICU_IRQ3
                                  fff8058a         2   func ,g         0
  _Excep_ICU_IRQ4
                                  fff8058c         2   func ,g         0
  _Excep_ICU_IRQ5
                                  fff8058e         2   func ,g         0
  _Excep_ICU_IRQ6
                                  fff80590         2   func ,g         0
  _Excep_ICU_IRQ7
                                  fff80592         2   func ,g         0
  _Excep_ICU_IRQ8
                                  fff80594         2   func ,g         0
  _Excep_ICU_IRQ9
                                  fff80596         2   func ,g         0
  _Excep_ICU_IRQ10
                                  fff80598         2   func ,g         0
  _Excep_ICU_IRQ11
                                  fff8059a         2   func ,g         0
  _Excep_ICU_IRQ12
                                  fff8059c         2   func ,g         0
  _Excep_ICU_IRQ13
                                  fff8059e         2   func ,g         0
  _Excep_ICU_IRQ14
                                  fff805a0         2   func ,g         0
  _Excep_ICU_IRQ15
                                  fff805a2         2   func ,g         0
  _Excep_USB_USBR0
                                  fff805a4         2   func ,g         0
  _Excep_USB_USBR1
                                  fff805a6         2   func ,g         0
  _Excep_RTC_ALM
                                  fff805a8         2   func ,g         0
  _Excep_WDT_WOVI
                                  fff805aa         2   func ,g         0
  _Excep_AD0_ADI0
                                  fff805ac         2   func ,g         0
  _Excep_AD1_ADI1
                                  fff805ae         2   func ,g         0
  _Excep_S12AD_ADI
                                  fff805b0         2   func ,g         0
  _Excep_MTU0_TGIA0
                                  fff805b2         2   func ,g         0
  _Excep_MTU0_TGIB0
                                  fff805b4         2   func ,g         0
  _Excep_MTU0_TGIC0
                                  fff805b6         2   func ,g         0
  _Excep_MTU0_TGID0
                                  fff805b8         2   func ,g         0
  _Excep_MTU0_TCIV0
                                  fff805ba         2   func ,g         0
  _Excep_MTU0_TGIE0
                                  fff805bc         2   func ,g         0
  _Excep_MTU0_TGIF0
                                  fff805be         2   func ,g         0
  _Excep_MTU1_TGIA1
                                  fff805c0         2   func ,g         0
  _Excep_MTU1_TGIB1
                                  fff805c2         2   func ,g         0
  _Excep_MTU1_TCIV1
                                  fff805c4         2   func ,g         0
  _Excep_MTU1_TCIU1
                                  fff805c6         2   func ,g         0
  _Excep_MTU2_TGIA2
                                  fff805c8         2   func ,g         0
  _Excep_MTU2_TGIB2
                                  fff805ca         2   func ,g         0
  _Excep_MTU2_TCIV2
                                  fff805cc         2   func ,g         0
  _Excep_MTU2_TCIU2
                                  fff805ce         2   func ,g         0
  _Excep_MTU3_TGIA3
                                  fff805d0         2   func ,g         0
  _Excep_MTU3_TGIB3
                                  fff805d2         2   func ,g         0
  _Excep_MTU3_TGIC3
                                  fff805d4         2   func ,g         0
  _Excep_MTU3_TGID3
                                  fff805d6         2   func ,g         0
  _Excep_MTU3_TCIV3
                                  fff805d8         2   func ,g         0
  _Excep_MTU4_TGIA4
                                  fff805da         2   func ,g         0
  _Excep_MTU4_TGIB4
                                  fff805dc         2   func ,g         0
  _Excep_MTU4_TGIC4
                                  fff805de         2   func ,g         0
  _Excep_MTU4_TGID4
                                  fff805e0         2   func ,g         0
  _Excep_MTU4_TCIV4
                                  fff805e2         2   func ,g         0
  _Excep_MTU5_TGIU5
                                  fff805e4         2   func ,g         0
  _Excep_MTU5_TGIV5
                                  fff805e6         2   func ,g         0
  _Excep_MTU5_TGIW5
                                  fff805e8         2   func ,g         0
  _Excep_MTU6_TGIA6
                                  fff805ea         2   func ,g         0
  _Excep_MTU6_TGIB6
                                  fff805ec         2   func ,g         0
  _Excep_MTU6_TGIC6
                                  fff805ee         2   func ,g         0
  _Excep_MTU6_TGID6
                                  fff805f0         2   func ,g         0
  _Excep_MTU6_TCIV6
                                  fff805f2         2   func ,g         0
  _Excep_MTU6_TGIE6
                                  fff805f4         2   func ,g         0
  _Excep_MTU6_TGIF6
                                  fff805f6         2   func ,g         0
  _Excep_MTU7_TGIA7
                                  fff805f8         2   func ,g         0
  _Excep_MTU7_TGIB7
                                  fff805fa         2   func ,g         0
  _Excep_MTU7_TCIV7
                                  fff805fc         2   func ,g         0
  _Excep_MTU7_TCIU7
                                  fff805fe         2   func ,g         0
  _Excep_MTU8_TGIA8
                                  fff80600         2   func ,g         0
  _Excep_MTU8_TGIB8
                                  fff80602         2   func ,g         0
  _Excep_MTU8_TCIV8
                                  fff80604         2   func ,g         0
  _Excep_MTU8_TCIU8
                                  fff80606         2   func ,g         0
  _Excep_MTU9_TGIA9
                                  fff80608         2   func ,g         0
  _Excep_MTU9_TGIB9
                                  fff8060a         2   func ,g         0
  _Excep_MTU9_TGIC9
                                  fff8060c         2   func ,g         0
  _Excep_MTU9_TGID9
                                  fff8060e         2   func ,g         0
  _Excep_MTU9_TCIV9
                                  fff80610         2   func ,g         0
  _Excep_MTU10_TGIA10
                                  fff80612         2   func ,g         0
  _Excep_MTU10_TGIB10
                                  fff80614         2   func ,g         0
  _Excep_MTU10_TGIC10
                                  fff80616         2   func ,g         0
  _Excep_MTU10_TGID10
                                  fff80618         2   func ,g         0
  _Excep_MTU10_TCIV10
                                  fff8061a         2   func ,g         0
  _Excep_MTU11_TGIU11
                                  fff8061c         2   func ,g         0
  _Excep_MTU11_TGIV11
                                  fff8061e         2   func ,g         0
  _Excep_MTU11_TGIW11
                                  fff80620         2   func ,g         0
  _Excep_POE_OEI1
                                  fff80622         2   func ,g         0
  _Excep_POE_OEI2
                                  fff80624         2   func ,g         0
  _Excep_POE_OEI3
                                  fff80626         2   func ,g         0
  _Excep_POE_OEI4
                                  fff80628         2   func ,g         0
  _Excep_TMR0_CMIB0
                                  fff8062a         2   func ,g         0
  _Excep_TMR0_OVI0
                                  fff8062c         2   func ,g         0
  _Excep_TMR1_CMIA1
                                  fff8062e         2   func ,g         0
  _Excep_TMR1_CMIB1
                                  fff80630         2   func ,g         0
  _Excep_TMR1_OVI1
                                  fff80632         2   func ,g         0
  _Excep_TMR2_CMIA2
                                  fff80634         2   func ,g         0
  _Excep_TMR2_CMIB2
                                  fff80636         2   func ,g         0
  _Excep_TMR2_OVI2
                                  fff80638         2   func ,g         0
  _Excep_TMR3_CMIA3
                                  fff8063a         2   func ,g         0
  _Excep_TMR3_CMIB3
                                  fff8063c         2   func ,g         0
  _Excep_TMR3_OVI3
                                  fff8063e         2   func ,g         0
  _Excep_DMAC_DMAC0I
                                  fff80640         2   func ,g         0
  _Excep_DMAC_DMAC1I
                                  fff80642         2   func ,g         0
  _Excep_DMAC_DMAC2I
                                  fff80644         2   func ,g         0
  _Excep_DMAC_DMAC3I
                                  fff80646         2   func ,g         0
  _Excep_EXDMAC_EXDMAC0I
                                  fff80648         2   func ,g         0
  _Excep_EXDMAC_EXDMAC1I
                                  fff8064a         2   func ,g         0
  _Excep_SCI0_ERI0
                                  fff8064c         2   func ,g         0
  _Excep_SCI0_RXI0
                                  fff8064e         2   func ,g         0
  _Excep_SCI0_TXI0
                                  fff80650         2   func ,g         0
  _Excep_SCI0_TEI0
                                  fff80652         2   func ,g         0
  _Excep_SCI1_ERI1
                                  fff80654         2   func ,g         0
  _Excep_SCI1_RXI1
                                  fff80656         2   func ,g         0
  _Excep_SCI1_TXI1
                                  fff80658         2   func ,g         0
  _Excep_SCI1_TEI1
                                  fff8065a         2   func ,g         0
  _Excep_SCI2_ERI2
                                  fff8065c         2   func ,g         0
  _Excep_SCI2_RXI2
                                  fff8065e         2   func ,g         0
  _Excep_SCI2_TXI2
                                  fff80660         2   func ,g         0
  _Excep_SCI2_TEI2
                                  fff80662         2   func ,g         0
  _Excep_SCI3_ERI3
                                  fff80664         2   func ,g         0
  _Excep_SCI3_RXI3
                                  fff80666         2   func ,g         0
  _Excep_SCI3_TXI3
                                  fff80668         2   func ,g         0
  _Excep_SCI3_TEI3
                                  fff8066a         2   func ,g         0
  _Excep_SCI5_ERI5
                                  fff8066c         2   func ,g         0
  _Excep_SCI5_RXI5
                                  fff8066e         2   func ,g         0
  _Excep_SCI5_TXI5
                                  fff80670         2   func ,g         0
  _Excep_SCI5_TEI5
                                  fff80672         2   func ,g         0
  _Excep_SCI6_ERI6
                                  fff80674         2   func ,g         0
  _Excep_SCI6_RXI6
                                  fff80676         2   func ,g         0
  _Excep_SCI6_TXI6
                                  fff80678         2   func ,g         0
  _Excep_SCI6_TEI6
                                  fff8067a         2   func ,g         0
  _Excep_RIIC0_ICEEI0
                                  fff8067c         2   func ,g         0
  _Excep_RIIC0_ICRXI0
                                  fff8067e         2   func ,g         0
  _Excep_RIIC0_ICTXI0
                                  fff80680         2   func ,g         0
  _Excep_RIIC0_ICTEI0
                                  fff80682         2   func ,g         0
  _Excep_RIIC1_ICEEI1
                                  fff80684         2   func ,g         0
  _Excep_RIIC1_ICRXI1
                                  fff80686         2   func ,g         0
  _Excep_RIIC1_ICTXI1
                                  fff80688         2   func ,g         0
  _Excep_RIIC1_ICTEI1
                                  fff8068a         2   func ,g         0

SECTION=P
FILE=.\src\HeartMaroon.obj
                                  fff8068c  fff8070b        80
  _settingClock
                                  fff8068c         b   func ,g         1
  _main
                                  fff80697        65   func ,g         1
  _feed
                                  fff806fc        10   func ,g         1
FILE=.\src\sbrk.obj
                                  fff8070c  fff8072c        21
  _sbrk
                                  fff8070c        21   func ,g         0
FILE=.\src\main\module\ad_converter.obj
                                  fff8072d  fff80772        46
  _initializeADConverter
                                  fff8072d        3e   func ,g         1
  _getADConvertValue
                                  fff8076b         8   func ,g         1
FILE=.\src\main\module\dead_reckoning.obj
                                  fff80773  fff80855        e3
  _initializeDeadReckoning
                                  fff80773         d   func ,g         0
  _setBasePosition
                                  fff80780        3d   func ,g         0
  _deadReckoningFeed
                                  fff807bd        99   func ,g         0
FILE=.\src\main\module\debug.obj
                                  fff80856  fff80950        fb
  _initializeDebug
                                  fff80856        1c   func ,g         1
  _setLedState
                                  fff80872        1a   func ,g         2
  _sleep
                                  fff8088c        13   func ,g         1
  _debugFeed
                                  fff8089f        b2   func ,g         1
FILE=.\src\main\module\encorder.obj
                                  fff80951  fff80a55       105
  _initializeEncorder
                                  fff80951        74   func ,g         1
  _startEncorder
                                  fff809c5        25   func ,g         1
  _getEncorder
                                  fff809ea        24   func ,g         8
  _convertRotate2Meter
                                  fff80a0e        13   func ,g         8
  _encoderFeed
                                  fff80a21        35   func ,g         1
FILE=.\src\main\module\motor.obj
                                  fff80a56  fff80b42        ed
  _initializeMotor
                                  fff80a56        71   func ,g         1
  _setMotorThrottle
                                  fff80ac7        66   func ,g        16
  _brakingMotor
                                  fff80b2d        16   func ,g         2
FILE=.\src\main\module\photoreflector.obj
                                  fff80b43  fff80b87        45
  _initializePhotoreflector
                                  fff80b43        1a   func ,g         1
  _getPhotoreflectorState
                                  fff80b5d        2b   func ,g         2
FILE=.\src\main\module\psd_sensor.obj
                                  fff80b88  fff80bc3        3c
  _getDistance
                                  fff80b88        3c   func ,g         0
FILE=.\src\main\module\timer.obj
                                  fff80bc4  fff80c22        5f
  _initializeTimer
                                  fff80bc4        51   func ,g         1
  _Excep_TMR0_CMIA0
                                  fff80c15         e   func ,g         0
FILE=.\src\main\module\trajectory_tracking_control.obj
                                  fff80c23  fff80e3b       219
  _trackingFeed
                                  fff80c23        88   func ,g         1
  _initializeTrajectoryTracking
                                  fff80cab        19   func ,g         1
  _trajectoryTracking
                                  fff80cc4        66   func ,g         1
  _makeTrajectory
                                  fff80d2a        a5   func ,l         1
  _makeCompositeTrajectory
                                  fff80dcf        6d   func ,l         1
FILE=.\src\main\module\utils.obj
                                  fff80e3c  fff80e44         9
  _limit
                                  fff80e3c         9   func ,g         1
FILE=.\src\main\service\line_trace.obj
                                  fff80e45  fff80f70       12c
  _traceBaseToBase
                                  fff80e45        3b   func ,g         0
  _traceWait
                                  fff80e80         d   func ,g         1
  _traceFeed
                                  fff80e8d        c1   func ,g         1
  _onBase
                                  fff80f4e        23   func ,l         1
FILE=.\src\main\service\search_line.obj
                                  fff80f71  fff80fa3        33
  _searchLine
                                  fff80f71        33   func ,g         0
FILE=cosf
                                  fff80fa4  fff80fd7        34
  _cosl
                                  fff80fa4         2   func ,g         0
  _cos
                                  fff80fa6         2   func ,g         1
  _cosf
                                  fff80fa8        30   func ,g         2
FILE=sinf
                                  fff80fd8  fff81018        41
  _sinl
                                  fff80fd8         2   func ,g         0
  _sin
                                  fff80fda         2   func ,g         1
  _sinf
                                  fff80fdc        3d   func ,g         2
FILE=__initsct
                                  fff81019  fff81062        4a
  __INITSCT
                                  fff81019         0   none ,g         1
  loop1
                                  fff8102b         0   none ,l         1
  next_loop1
                                  fff81039         0   none ,l         2
  loop3
                                  fff8104b         0   none ,l         1
  next_loop3
                                  fff8105c         0   none ,l         2
FILE=sincosfsub
                                  fff81063  fff8114c        ea
  ___poly_sinf
                                  fff81063        31   func ,g         3
  ___poly_cosf
                                  fff81094        28   func ,g         3
  _poly_cosfn
                                  fff810bc         7   func ,l         1
  _poly_sinfn
                                  fff810c3         5   func ,l         1
  _sincosf_special
                                  fff810c8        33   func ,l         1
  ___internal_sincosf
                                  fff810fb        52   func ,g         4
FILE=fmodf
                                  fff8114d  fff8117e        32
  _fmodl
                                  fff8114d         2   func ,g         0
  _fmod
                                  fff8114f         2   func ,g         1
  _fmodf
                                  fff81151        2e   func ,g         2
FILE=nanfval
                                  fff8117f  fff81185         7
  ___nanf_value
                                  fff8117f         7   func ,g         1
FILE=_i_fmds
                                  fff81186  fff8125f        da
  __in_fmods
                                  fff81186        da   func ,g         1

SECTION=FIXEDVECT
FILE=.\src\vector_table.obj
                                  ffffff80  ffffffff        80
  _Fixed_Vectors
                                  ffffff80        80   data ,g         0

*** Unfilled Areas ***

AREA                                START    END

*** Delete Symbols ***

SYMBOL                                SIZE    INFO
