Renesas Optimizing Linker (W2.06.00 )             08-Jun-2018 16:37:46

*** Options ***

-subcommand=LinkerSubCommand.tmp
-input="./src/HeartMaroon.obj"
-input="./src/dbsct.obj"
-input="./src/interrupt_handlers.obj"
-input="./src/reset_program.obj"
-input="./src/sbrk.obj"
-input="./src/vector_table.obj"
-input="./src/main/module/ad_converter.obj"
-input="./src/main/module/dead_reckoning.obj"
-input="./src/main/module/debug.obj"
-input="./src/main/module/encorder.obj"
-input="./src/main/module/motor.obj"
-input="./src/main/module/photoreflector.obj"
-input="./src/main/module/psd_sensor.obj"
-input="./src/main/module/timer.obj"
-input="./src/main/module/trajectory_tracking_control.obj"
-input="./src/main/module/utils.obj"
-input="./src/main/service/line_trace.obj"
-input="./src/main/service/search_ball.obj"
-input="./src/main/service/search_line.obj"
-start=SU,SI,B_1,R_1,B_2,R_2,B,R/04,PResetPRG,C_1,C_2,C,C$*,D*,W*,L,PIntPRG,P/0FFF80000,FIXEDVECT/0FFFFFF80
-library=C:\Users\hayat\E2_STU~1\WORKSP~1\HEARTM~1\Release\HeartMaroon.lib
-noprelink
-list=HeartMaroon.map
-show
-nooptimize
-output=C:\Users\hayat\e2_studio\workspace\HeartMaroon\Release\HeartMaroon.abs
-rom=D=R,D_1=R_1,D_2=R_2
-nomessage
-nologo

*** Error information ***

*** Mapping List ***

SECTION                            START      END         SIZE   ALIGN

SU
                                  00000004  00000103       100   4
SI
                                  00000104  00000403       300   4
B_1
                                  00000404  00000404         0   1
R_1
                                  00000404  00000404         0   1
B_2
                                  00000404  00000404         0   1
R_2
                                  00000404  00000411         e   2
B
                                  00000414  0000486f      445c   4
R
                                  00004870  000048bf        50   4
PResetPRG
                                  fff80000  fff80030        31   1
C_1
                                  fff80031  fff80031         0   1
C_2
                                  fff80031  fff80031         0   1
C
                                  fff80034  fff80123        f0   4
C$DSEC
                                  fff80124  fff80147        24   4
C$BSEC
                                  fff80148  fff8015f        18   4
C$INIT
                                  fff80160  fff80160         0   1
C$VECT
                                  fff80160  fff8055f       400   4
C$VTBL
                                  fff80560  fff80560         0   1
D
                                  fff80560  fff805af        50   4
D_1
                                  fff805b0  fff805b0         0   1
D_2
                                  fff805b0  fff805bd         e   2
W
                                  fff805be  fff805be         0   1
W_1
                                  fff805be  fff805be         0   1
W_2
                                  fff805be  fff805be         0   1
L
                                  fff805be  fff805be         0   1
PIntPRG
                                  fff805be  fff80711       154   1
P
                                  fff80712  fff818d3      11c2   1
FIXEDVECT
                                  ffffff80  ffffffff        80   4

*** Symbol List ***

SECTION=
FILE=                               START        END    SIZE
  SYMBOL                            ADDR        SIZE    INFO      COUNTS  OPT

SECTION=SU
FILE=.\src\reset_program.obj
                                  00000004  00000103       100

SECTION=SI
FILE=.\src\reset_program.obj
                                  00000104  00000403       300

SECTION=R_2
FILE=sqrtf
                                  00000404  00000411         e
  _cf1S
                                  00000404         e   data ,l         1

SECTION=B
FILE=.\src\sbrk.obj
                                  00000414  00000813       400
  _heap_area
                                  00000414       400   data ,l         2
FILE=.\src\main\module\dead_reckoning.obj
                                  00000814  0000082b        18
  _width
                                  00000814         4   data ,l         2
  _positionX
                                  00000818         4   data ,l         4
  _positionY
                                  0000081c         4   data ,l         4
  _direction
                                  00000820         4   data ,l         4
  _previouslyLeftPosition
                                  00000824         4   data ,l         3
  _previouslyRightPosition
                                  00000828         4   data ,l         2
FILE=.\src\main\module\debug.obj
                                  0000082c  0000083b        10
  _inDebugLedState
                                  0000082c         4   data ,l         3
  _outDebugLedState
                                  00000830         4   data ,l         3
  _count
                                  00000834         4   data ,l         1
  _sleepCount
                                  00000838         4   data ,l         2
FILE=.\src\main\module\encorder.obj
                                  0000083c  00000847         c
  _diameter
                                  0000083c         4   data ,l         2
  _leftCount
                                  00000840         4   data ,l         3
  _rightCount
                                  00000844         4   data ,l         3
FILE=.\src\main\module\trajectory_tracking_control.obj
                                  00000848  00004867      4020
  _samplingTime
                                  00000848         4   data ,l         3
  _width
                                  0000084c         4   data ,l         2
  _maxTime
                                  00000850         4   data ,l         6
  _nowTime
                                  00000854         4   data ,l         3
  _linearTrajectory
                                  00000858      1000   data ,l         2
  _curveTrajectory
                                  00001858      1000   data ,l         2
  _leftTrajectory
                                  00002858      1000   data ,l         2
  _rightTrajectory
                                  00003858      1000   data ,l         2
  _leftInitialPosition
                                  00004858         4   data ,l         2
  _rightInitialPosition
                                  0000485c         4   data ,l         2
  _leftAccumulatedError
                                  00004860         4   data ,l         2
  _rightAccumulatedError
                                  00004864         4   data ,l         2
FILE=.\src\main\service\search_ball.obj
                                  00004868  0000486b         4
  _baseDirection
                                  00004868         4   data ,l         2
FILE=_errno
                                  0000486c  0000486f         4
  __errno
                                  0000486c         4   data ,g         5

SECTION=R
FILE=.\src\sbrk.obj
                                  00004870  00004873         4
  _brk
                                  00004870         4   data ,l         1
FILE=.\src\main\module\psd_sensor.obj
                                  00004874  00004877         4
  _previouslyDistance
                                  00004874         4   data ,l         1
FILE=.\src\main\service\line_trace.obj
                                  00004878  0000487f         8
  _numOfMove
                                  00004878         4   data ,l         4
  _cooldown
                                  0000487c         4   data ,l         3
FILE=sqrtf
                                  00004880  00004883         4
  _nan_value
                                  00004880         4   data ,l         1
FILE=sincosfsub
                                  00004884  000048bf        3c
  _sinf_coeff
                                  00004884        10   data ,l         1
  _cosf_coeff
                                  00004894        10   data ,l         1
  _pi4ptr_table
                                  000048a4         c   data ,l         1
  _sub_table
                                  000048b0        10   data ,l         1

SECTION=PResetPRG
FILE=.\src\reset_program.obj
                                  fff80000  fff80030        31
  _PowerON_Reset_PC
                                  fff80000        31   entry,g         1

SECTION=C
FILE=.\src\dbsct.obj
                                  fff80034  fff80067        34
  __CTBL
                                  fff80034        34   data ,g         0
FILE=consts
                                  fff80068  fff800bf        58
  __IFZEROS
                                  fff80068         4   data ,g         2
  __IFONES
                                  fff8006c         4   data ,g         1
  __HALFS
                                  fff80070         4   data ,g         0
  __QUOTS
                                  fff80074         4   data ,g         0
  __TWOS
                                  fff80078         4   data ,g         0
  __FOURS
                                  fff8007c         4   data ,g         0
  __PAIS
                                  fff80080         4   data ,g         1
  __2PAIS
                                  fff80084         4   data ,g         0
  __HLFPAIS
                                  fff80088         4   data ,g         1
  __QUOPAIS
                                  fff8008c         4   data ,g         1
  __LOGE2S
                                  fff80090         4   data ,g         0
  __NIFZEROS
                                  fff80094         4   data ,g         1
  __NIFONES
                                  fff80098         4   data ,g         1
  __NHALFS
                                  fff8009c         4   data ,g         1
  __NQUOTS
                                  fff800a0         4   data ,g         1
  __NTWOS
                                  fff800a4         4   data ,g         0
  __NFOURS
                                  fff800a8         4   data ,g         0
  __NPAIS
                                  fff800ac         4   data ,g         1
  __N2PAIS
                                  fff800b0         4   data ,g         0
  __NHLFPAIS
                                  fff800b4         4   data ,g         0
  __NQUOPAIS
                                  fff800b8         4   data ,g         0
  __NLOGE2S
                                  fff800bc         4   data ,g         0
FILE=_a_atans
                                  fff800c0  fff800d7        18
  _atan_coef$1
                                  fff800c0        18   data ,l         1
FILE=_const
                                  fff800d8  fff800fb        24
  __IFNAND
                                  fff800d8         0   none ,g         0
  __IFINFD
                                  fff800e0         0   none ,g         0
  __NIFINFD
                                  fff800e8         0   none ,g         0
  __IFNANS
                                  fff800f0         0   none ,g         3
  __IFINFS
                                  fff800f4         0   none ,g         1
  __NIFINFS
                                  fff800f8         0   none ,g         1
FILE=floatval
                                  fff800fc  fff80123        28
  __FLT_MAX_VAL
                                  fff800fc         0   none ,g         1
  __FLT_MIN_VAL
                                  fff80100         0   none ,g         0
  __DBL_MAX_VAL
                                  fff80104         0   none ,g         0
  __DBL_MIN_VAL
                                  fff8010c         0   none ,g         0
  __LDBL_MAX_VAL
                                  fff80114         0   none ,g         0
  __LDBL_MIN_VAL
                                  fff8011c         0   none ,g         0

SECTION=C$DSEC
FILE=.\src\dbsct.obj
                                  fff80124  fff80147        24
  __DTBL
                                  fff80124        24   data ,g         0

SECTION=C$BSEC
FILE=.\src\dbsct.obj
                                  fff80148  fff8015f        18
  __BTBL
                                  fff80148        18   data ,g         0

SECTION=C$VECT
FILE=.\src\dbsct.obj
                                  fff80160  fff8055f       400

SECTION=D
FILE=.\src\sbrk.obj
                                  fff80560  fff80563         4
FILE=.\src\main\module\psd_sensor.obj
                                  fff80564  fff80567         4
FILE=.\src\main\service\line_trace.obj
                                  fff80568  fff8056f         8
FILE=sqrtf
                                  fff80570  fff80573         4
FILE=sincosfsub
                                  fff80574  fff805af        3c

SECTION=D_2
FILE=sqrtf
                                  fff805b0  fff805bd         e

SECTION=PIntPRG
FILE=.\src\interrupt_handlers.obj
                                  fff805be  fff80711       154
  _Excep_SuperVisorInst
                                  fff805be         2   func ,g         1
  _Excep_AccessInst
                                  fff805c0         2   func ,g         1
  _Excep_UndefinedInst
                                  fff805c2         2   func ,g         1
  _Excep_FloatingPoint
                                  fff805c4         2   func ,g         1
  _NonMaskableInterrupt
                                  fff805c6         2   func ,g         1
  _Dummy
                                  fff805c8         2   func ,g        16
  _Excep_BRK
                                  fff805ca         4   func ,g         0
  _Excep_BSC_BUSERR
                                  fff805ce         2   func ,g         0
  _Excep_FCU_FIFERR
                                  fff805d0         2   func ,g         0
  _Excep_FCU_FRDYI
                                  fff805d2         2   func ,g         0
  _Excep_ICU_SWINT
                                  fff805d4         2   func ,g         0
  _Excep_CMT0_CMI0
                                  fff805d6         2   func ,g         0
  _Excep_CMT1_CMI1
                                  fff805d8         2   func ,g         0
  _Excep_CMT2_CMI2
                                  fff805da         2   func ,g         0
  _Excep_CMT3_CMI3
                                  fff805dc         2   func ,g         0
  _Excep_ETHER_EINT
                                  fff805de         2   func ,g         0
  _Excep_USB0_D0FIFO0
                                  fff805e0         2   func ,g         0
  _Excep_USB0_D1FIFO0
                                  fff805e2         2   func ,g         0
  _Excep_USB0_USBI0
                                  fff805e4         2   func ,g         0
  _Excep_USB1_D0FIFO1
                                  fff805e6         2   func ,g         0
  _Excep_USB1_D1FIFO1
                                  fff805e8         2   func ,g         0
  _Excep_USB1_USBI1
                                  fff805ea         2   func ,g         0
  _Excep_RSPI0_SPEI0
                                  fff805ec         2   func ,g         0
  _Excep_RSPI0_SPRI0
                                  fff805ee         2   func ,g         0
  _Excep_RSPI0_SPTI0
                                  fff805f0         2   func ,g         0
  _Excep_RSPI0_SPII0
                                  fff805f2         2   func ,g         0
  _Excep_RSPI1_SPEI1
                                  fff805f4         2   func ,g         0
  _Excep_RSPI1_SPRI1
                                  fff805f6         2   func ,g         0
  _Excep_RSPI1_SPTI1
                                  fff805f8         2   func ,g         0
  _Excep_RSPI1_SPII1
                                  fff805fa         2   func ,g         0
  _Excep_CAN0_ERS0
                                  fff805fc         2   func ,g         0
  _Excep_CAN0_RXF0
                                  fff805fe         2   func ,g         0
  _Excep_CAN0_TXF0
                                  fff80600         2   func ,g         0
  _Excep_CAN0_RXM0
                                  fff80602         2   func ,g         0
  _Excep_CAN0_TXM0
                                  fff80604         2   func ,g         0
  _Excep_RTC_PRD
                                  fff80606         2   func ,g         0
  _Excep_RTC_CUP
                                  fff80608         2   func ,g         0
  _Excep_ICU_IRQ0
                                  fff8060a         2   func ,g         0
  _Excep_ICU_IRQ1
                                  fff8060c         2   func ,g         0
  _Excep_ICU_IRQ2
                                  fff8060e         2   func ,g         0
  _Excep_ICU_IRQ3
                                  fff80610         2   func ,g         0
  _Excep_ICU_IRQ4
                                  fff80612         2   func ,g         0
  _Excep_ICU_IRQ5
                                  fff80614         2   func ,g         0
  _Excep_ICU_IRQ6
                                  fff80616         2   func ,g         0
  _Excep_ICU_IRQ7
                                  fff80618         2   func ,g         0
  _Excep_ICU_IRQ8
                                  fff8061a         2   func ,g         0
  _Excep_ICU_IRQ9
                                  fff8061c         2   func ,g         0
  _Excep_ICU_IRQ10
                                  fff8061e         2   func ,g         0
  _Excep_ICU_IRQ11
                                  fff80620         2   func ,g         0
  _Excep_ICU_IRQ12
                                  fff80622         2   func ,g         0
  _Excep_ICU_IRQ13
                                  fff80624         2   func ,g         0
  _Excep_ICU_IRQ14
                                  fff80626         2   func ,g         0
  _Excep_ICU_IRQ15
                                  fff80628         2   func ,g         0
  _Excep_USB_USBR0
                                  fff8062a         2   func ,g         0
  _Excep_USB_USBR1
                                  fff8062c         2   func ,g         0
  _Excep_RTC_ALM
                                  fff8062e         2   func ,g         0
  _Excep_WDT_WOVI
                                  fff80630         2   func ,g         0
  _Excep_AD0_ADI0
                                  fff80632         2   func ,g         0
  _Excep_AD1_ADI1
                                  fff80634         2   func ,g         0
  _Excep_S12AD_ADI
                                  fff80636         2   func ,g         0
  _Excep_MTU0_TGIA0
                                  fff80638         2   func ,g         0
  _Excep_MTU0_TGIB0
                                  fff8063a         2   func ,g         0
  _Excep_MTU0_TGIC0
                                  fff8063c         2   func ,g         0
  _Excep_MTU0_TGID0
                                  fff8063e         2   func ,g         0
  _Excep_MTU0_TCIV0
                                  fff80640         2   func ,g         0
  _Excep_MTU0_TGIE0
                                  fff80642         2   func ,g         0
  _Excep_MTU0_TGIF0
                                  fff80644         2   func ,g         0
  _Excep_MTU1_TGIA1
                                  fff80646         2   func ,g         0
  _Excep_MTU1_TGIB1
                                  fff80648         2   func ,g         0
  _Excep_MTU1_TCIV1
                                  fff8064a         2   func ,g         0
  _Excep_MTU1_TCIU1
                                  fff8064c         2   func ,g         0
  _Excep_MTU2_TGIA2
                                  fff8064e         2   func ,g         0
  _Excep_MTU2_TGIB2
                                  fff80650         2   func ,g         0
  _Excep_MTU2_TCIV2
                                  fff80652         2   func ,g         0
  _Excep_MTU2_TCIU2
                                  fff80654         2   func ,g         0
  _Excep_MTU3_TGIA3
                                  fff80656         2   func ,g         0
  _Excep_MTU3_TGIB3
                                  fff80658         2   func ,g         0
  _Excep_MTU3_TGIC3
                                  fff8065a         2   func ,g         0
  _Excep_MTU3_TGID3
                                  fff8065c         2   func ,g         0
  _Excep_MTU3_TCIV3
                                  fff8065e         2   func ,g         0
  _Excep_MTU4_TGIA4
                                  fff80660         2   func ,g         0
  _Excep_MTU4_TGIB4
                                  fff80662         2   func ,g         0
  _Excep_MTU4_TGIC4
                                  fff80664         2   func ,g         0
  _Excep_MTU4_TGID4
                                  fff80666         2   func ,g         0
  _Excep_MTU4_TCIV4
                                  fff80668         2   func ,g         0
  _Excep_MTU5_TGIU5
                                  fff8066a         2   func ,g         0
  _Excep_MTU5_TGIV5
                                  fff8066c         2   func ,g         0
  _Excep_MTU5_TGIW5
                                  fff8066e         2   func ,g         0
  _Excep_MTU6_TGIA6
                                  fff80670         2   func ,g         0
  _Excep_MTU6_TGIB6
                                  fff80672         2   func ,g         0
  _Excep_MTU6_TGIC6
                                  fff80674         2   func ,g         0
  _Excep_MTU6_TGID6
                                  fff80676         2   func ,g         0
  _Excep_MTU6_TCIV6
                                  fff80678         2   func ,g         0
  _Excep_MTU6_TGIE6
                                  fff8067a         2   func ,g         0
  _Excep_MTU6_TGIF6
                                  fff8067c         2   func ,g         0
  _Excep_MTU7_TGIA7
                                  fff8067e         2   func ,g         0
  _Excep_MTU7_TGIB7
                                  fff80680         2   func ,g         0
  _Excep_MTU7_TCIV7
                                  fff80682         2   func ,g         0
  _Excep_MTU7_TCIU7
                                  fff80684         2   func ,g         0
  _Excep_MTU8_TGIA8
                                  fff80686         2   func ,g         0
  _Excep_MTU8_TGIB8
                                  fff80688         2   func ,g         0
  _Excep_MTU8_TCIV8
                                  fff8068a         2   func ,g         0
  _Excep_MTU8_TCIU8
                                  fff8068c         2   func ,g         0
  _Excep_MTU9_TGIA9
                                  fff8068e         2   func ,g         0
  _Excep_MTU9_TGIB9
                                  fff80690         2   func ,g         0
  _Excep_MTU9_TGIC9
                                  fff80692         2   func ,g         0
  _Excep_MTU9_TGID9
                                  fff80694         2   func ,g         0
  _Excep_MTU9_TCIV9
                                  fff80696         2   func ,g         0
  _Excep_MTU10_TGIA10
                                  fff80698         2   func ,g         0
  _Excep_MTU10_TGIB10
                                  fff8069a         2   func ,g         0
  _Excep_MTU10_TGIC10
                                  fff8069c         2   func ,g         0
  _Excep_MTU10_TGID10
                                  fff8069e         2   func ,g         0
  _Excep_MTU10_TCIV10
                                  fff806a0         2   func ,g         0
  _Excep_MTU11_TGIU11
                                  fff806a2         2   func ,g         0
  _Excep_MTU11_TGIV11
                                  fff806a4         2   func ,g         0
  _Excep_MTU11_TGIW11
                                  fff806a6         2   func ,g         0
  _Excep_POE_OEI1
                                  fff806a8         2   func ,g         0
  _Excep_POE_OEI2
                                  fff806aa         2   func ,g         0
  _Excep_POE_OEI3
                                  fff806ac         2   func ,g         0
  _Excep_POE_OEI4
                                  fff806ae         2   func ,g         0
  _Excep_TMR0_CMIB0
                                  fff806b0         2   func ,g         0
  _Excep_TMR0_OVI0
                                  fff806b2         2   func ,g         0
  _Excep_TMR1_CMIA1
                                  fff806b4         2   func ,g         0
  _Excep_TMR1_CMIB1
                                  fff806b6         2   func ,g         0
  _Excep_TMR1_OVI1
                                  fff806b8         2   func ,g         0
  _Excep_TMR2_CMIA2
                                  fff806ba         2   func ,g         0
  _Excep_TMR2_CMIB2
                                  fff806bc         2   func ,g         0
  _Excep_TMR2_OVI2
                                  fff806be         2   func ,g         0
  _Excep_TMR3_CMIA3
                                  fff806c0         2   func ,g         0
  _Excep_TMR3_CMIB3
                                  fff806c2         2   func ,g         0
  _Excep_TMR3_OVI3
                                  fff806c4         2   func ,g         0
  _Excep_DMAC_DMAC0I
                                  fff806c6         2   func ,g         0
  _Excep_DMAC_DMAC1I
                                  fff806c8         2   func ,g         0
  _Excep_DMAC_DMAC2I
                                  fff806ca         2   func ,g         0
  _Excep_DMAC_DMAC3I
                                  fff806cc         2   func ,g         0
  _Excep_EXDMAC_EXDMAC0I
                                  fff806ce         2   func ,g         0
  _Excep_EXDMAC_EXDMAC1I
                                  fff806d0         2   func ,g         0
  _Excep_SCI0_ERI0
                                  fff806d2         2   func ,g         0
  _Excep_SCI0_RXI0
                                  fff806d4         2   func ,g         0
  _Excep_SCI0_TXI0
                                  fff806d6         2   func ,g         0
  _Excep_SCI0_TEI0
                                  fff806d8         2   func ,g         0
  _Excep_SCI1_ERI1
                                  fff806da         2   func ,g         0
  _Excep_SCI1_RXI1
                                  fff806dc         2   func ,g         0
  _Excep_SCI1_TXI1
                                  fff806de         2   func ,g         0
  _Excep_SCI1_TEI1
                                  fff806e0         2   func ,g         0
  _Excep_SCI2_ERI2
                                  fff806e2         2   func ,g         0
  _Excep_SCI2_RXI2
                                  fff806e4         2   func ,g         0
  _Excep_SCI2_TXI2
                                  fff806e6         2   func ,g         0
  _Excep_SCI2_TEI2
                                  fff806e8         2   func ,g         0
  _Excep_SCI3_ERI3
                                  fff806ea         2   func ,g         0
  _Excep_SCI3_RXI3
                                  fff806ec         2   func ,g         0
  _Excep_SCI3_TXI3
                                  fff806ee         2   func ,g         0
  _Excep_SCI3_TEI3
                                  fff806f0         2   func ,g         0
  _Excep_SCI5_ERI5
                                  fff806f2         2   func ,g         0
  _Excep_SCI5_RXI5
                                  fff806f4         2   func ,g         0
  _Excep_SCI5_TXI5
                                  fff806f6         2   func ,g         0
  _Excep_SCI5_TEI5
                                  fff806f8         2   func ,g         0
  _Excep_SCI6_ERI6
                                  fff806fa         2   func ,g         0
  _Excep_SCI6_RXI6
                                  fff806fc         2   func ,g         0
  _Excep_SCI6_TXI6
                                  fff806fe         2   func ,g         0
  _Excep_SCI6_TEI6
                                  fff80700         2   func ,g         0
  _Excep_RIIC0_ICEEI0
                                  fff80702         2   func ,g         0
  _Excep_RIIC0_ICRXI0
                                  fff80704         2   func ,g         0
  _Excep_RIIC0_ICTXI0
                                  fff80706         2   func ,g         0
  _Excep_RIIC0_ICTEI0
                                  fff80708         2   func ,g         0
  _Excep_RIIC1_ICEEI1
                                  fff8070a         2   func ,g         0
  _Excep_RIIC1_ICRXI1
                                  fff8070c         2   func ,g         0
  _Excep_RIIC1_ICTXI1
                                  fff8070e         2   func ,g         0
  _Excep_RIIC1_ICTEI1
                                  fff80710         2   func ,g         0

SECTION=P
FILE=.\src\HeartMaroon.obj
                                  fff80712  fff807d3        c2
  _settingClock
                                  fff80712         b   func ,g         1
  _main
                                  fff8071d        a3   func ,g         1
  _feed
                                  fff807c0        14   func ,g         1
FILE=.\src\sbrk.obj
                                  fff807d4  fff807f4        21
  _sbrk
                                  fff807d4        21   func ,g         0
FILE=.\src\main\module\ad_converter.obj
                                  fff807f5  fff8083a        46
  _initializeADConverter
                                  fff807f5        3e   func ,g         1
  _getADConvertValue
                                  fff80833         8   func ,g         1
FILE=.\src\main\module\dead_reckoning.obj
                                  fff8083b  fff809d5       19b
  _initializeDeadReckoning
                                  fff8083b         d   func ,g         1
  _setBasePosition
                                  fff80848        3d   func ,g         1
  _getLocations
                                  fff80885        19   func ,g         3
  _returnBase
                                  fff8089e        91   func ,g         1
  _deadReckoningFeed
                                  fff8092f        a7   func ,g         1
FILE=.\src\main\module\debug.obj
                                  fff809d6  fff80ad0        fb
  _initializeDebug
                                  fff809d6        1c   func ,g         1
  _setLedState
                                  fff809f2        1a   func ,g         6
  _sleep
                                  fff80a0c        13   func ,g         1
  _debugFeed
                                  fff80a1f        b2   func ,g         1
FILE=.\src\main\module\encorder.obj
                                  fff80ad1  fff80bd5       105
  _initializeEncorder
                                  fff80ad1        74   func ,g         1
  _startEncorder
                                  fff80b45        25   func ,g         1
  _getEncorder
                                  fff80b6a        24   func ,g         8
  _convertRotate2Meter
                                  fff80b8e        13   func ,g         8
  _encoderFeed
                                  fff80ba1        35   func ,g         1
FILE=.\src\main\module\motor.obj
                                  fff80bd6  fff80cd3        fe
  _initializeMotor
                                  fff80bd6        71   func ,g         1
  _setMotorThrottle
                                  fff80c47        77   func ,g        14
  _brakingMotor
                                  fff80cbe        16   func ,g         2
FILE=.\src\main\module\photoreflector.obj
                                  fff80cd4  fff80d18        45
  _initializePhotoreflector
                                  fff80cd4        1a   func ,g         1
  _getPhotoreflectorState
                                  fff80cee        2b   func ,g         2
FILE=.\src\main\module\psd_sensor.obj
                                  fff80d19  fff80d73        5b
  _getDistance
                                  fff80d19        5b   func ,g         2
FILE=.\src\main\module\timer.obj
                                  fff80d74  fff80dd2        5f
  _initializeTimer
                                  fff80d74        51   func ,g         1
  _Excep_TMR0_CMIA0
                                  fff80dc5         e   func ,g         0
FILE=.\src\main\module\trajectory_tracking_control.obj
                                  fff80dd3  fff81097       2c5
  _trackingFeed
                                  fff80dd3       11e   func ,g         1
  _initializeTrajectoryTracking
                                  fff80ef1        19   func ,g         1
  _trajectoryTracking
                                  fff80f0a        5f   func ,g         8
  _waitForTracking
                                  fff80f69         8   func ,g         6
  _isTracking
                                  fff80f71        15   func ,g         3
  _makeTrajectory
                                  fff80f86        a5   func ,l         1
  _makeCompositeTrajectory
                                  fff8102b        6d   func ,l         1
FILE=.\src\main\module\utils.obj
                                  fff81098  fff810a0         9
  _limit
                                  fff81098         9   func ,g         1
FILE=.\src\main\service\line_trace.obj
                                  fff810a1  fff811b6       116
  _traceBaseToBase
                                  fff810a1        38   func ,g         0
  _traceWait
                                  fff810d9         d   func ,g         1
  _traceFeed
                                  fff810e6        ae   func ,g         1
  _onBase
                                  fff81194        23   func ,l         1
FILE=.\src\main\service\search_ball.obj
                                  fff811b7  fff812a1        eb
  _setSearchingBase
                                  fff811b7        18   func ,g         1
  _searchBall
                                  fff811cf        d3   func ,g         1
FILE=.\src\main\service\search_line.obj
                                  fff812a2  fff812d4        33
  _searchLine
                                  fff812a2        33   func ,g         0
FILE=atan2f
                                  fff812d5  fff81301        2d
  _atan2l
                                  fff812d5         2   func ,g         0
  _atan2
                                  fff812d7         2   func ,g         1
  _atan2f
                                  fff812d9        29   func ,g         2
FILE=cosf
                                  fff81302  fff81335        34
  _cosl
                                  fff81302         2   func ,g         0
  _cos
                                  fff81304         2   func ,g         1
  _cosf
                                  fff81306        30   func ,g         2
FILE=sinf
                                  fff81336  fff81376        41
  _sinl
                                  fff81336         2   func ,g         0
  _sin
                                  fff81338         2   func ,g         1
  _sinf
                                  fff8133a        3d   func ,g         2
FILE=sqrtf
                                  fff81377  fff8144a        d4
  _in_sqrtf1
                                  fff81377        4f   func ,l         1
  _sqrt_rare0
                                  fff813c6        27   func ,l         1
  _sqrtl
                                  fff813ed         2   func ,g         0
  _sqrt
                                  fff813ef         2   func ,g         2
  _sqrtf
                                  fff813f1        5a   func ,g         1
FILE=__initsct
                                  fff8144b  fff81494        4a
  __INITSCT
                                  fff8144b         0   none ,g         1
  loop1
                                  fff8145d         0   none ,l         1
  next_loop1
                                  fff8146b         0   none ,l         2
  loop3
                                  fff8147d         0   none ,l         1
  next_loop3
                                  fff8148e         0   none ,l         2
FILE=_i_atn2s
                                  fff81495  fff814c0        2c
  __in_atan2s
                                  fff81495        2c   func ,g         1
FILE=sincosfsub
                                  fff814c1  fff815aa        ea
  ___poly_sinf
                                  fff814c1        31   func ,g         3
  ___poly_cosf
                                  fff814f2        28   func ,g         3
  _poly_cosfn
                                  fff8151a         7   func ,l         1
  _poly_sinfn
                                  fff81521         5   func ,l         1
  _sincosf_special
                                  fff81526        33   func ,l         1
  ___internal_sincosf
                                  fff81559        52   func ,g         4
FILE=fmodf
                                  fff815ab  fff815dc        32
  _fmodl
                                  fff815ab         2   func ,g         0
  _fmod
                                  fff815ad         2   func ,g         1
  _fmodf
                                  fff815af        2e   func ,g         2
FILE=_i_atans
                                  fff815dd  fff8174e       172
  __in_atans
                                  fff815dd       172   func ,g         1
FILE=nanfval
                                  fff8174f  fff81755         7
  ___nanf_value
                                  fff8174f         7   func ,g         1
FILE=_a_atans
                                  fff81756  fff8177a        25
  __app_atans
                                  fff81756        25   func ,g         4
FILE=_i_fmds
                                  fff8177b  fff81854        da
  __in_fmods
                                  fff8177b        da   func ,g         2
FILE=_i_ldes
                                  fff81855  fff818d3        7f
  __in_ldexps
                                  fff81855        7f   func ,g         2

SECTION=FIXEDVECT
FILE=.\src\vector_table.obj
                                  ffffff80  ffffffff        80
  _Fixed_Vectors
                                  ffffff80        80   data ,g         0

*** Unfilled Areas ***

AREA                                START    END

*** Delete Symbols ***

SYMBOL                                SIZE    INFO
